
**********************************************************************
*                                                                    *
*                        M   A   P   L   E                           *
*                                                                    *
*      MAchine-learning Potential for Landscape Exploration          *
*                                                                    *
*                                                                    *
*      © 2025 University of Pittsburgh. All rights reserved.         *
*      Licensed under CC BY 4.0 for academic use.                    *
*                                                                    *
*      Principal Developer:  Xujian Wang                             *
*                                                                    *
**********************************************************************


Parsing # commands...
Global parameter: model = uma with options {'size': 'uma-s-1p1'}
Task set to 'parmfit'
Global parameter: device = gpu0
Parsed configuration:
----------------------------------------
Task: parmfit
model          : uma(size=uma-s-1p1)
method         : ncaa
input          : NCAA1.in
device         : gpu0

                             Coordinates                              
**********************************************************************

Group 1 (PDB File)
Resolved PDB: /home/hungn/Desktop/MyRepo/MLP/MAPLE/examples/parmfit_tutorial/MaDA.pdb
PDB coordinates are parsed by the parmfit route at runtime.
--------------------

======================================================================
                             Parmfit NCAA                             
======================================================================
Target: _89:HIF (protein)
  PDB residue templates: matched=516, backbone_only=1, unmatched=0
    non-standard (matched backbone only): _89:HIF (target)
    template overrides (renamed): _10:CYM (CYX->CYM), _74:CYM (CYX->CYM)
  PDB target charge: _89:HIF = 0 (from your input)
  [NCAA] MLIP model preparation + reference optimization ...
  NCAA target selector: HIF89
  residue name: HF1
  chirality: L
  net charge / spin multiplicity: 0 1
  protein ff: ff14SB
  bonded refinement: mseminario
  charge fitting: resp
  charge level: HF/6-31G(d)
  [NCAA] atomic charge fitting (resp) ...
  [NCAA] AmberTools template build ...
  [NCAA] MLIP Hessian + mSeminario ...
  [NCAA] TorsionFit skipped ...

[TorsionFit] improper refit targets detected -> skipped because torsionfit=False.
  improper refit targets: 2 (parmchk2 estimates kept)
  [NCAA] writing refined templates + tleap input ...
  [NCAA] tleap validation ...
  [NCAA] route completed; final summary follows.

======================================================================
                         PARMFIT NCAA RESULT                          
======================================================================
Status: completed
Route: NCAA
Target: _89:HIF
Residue name: HF1
Chirality: L
Protein ff: ff14SB
Res charge/spin-multi: 0 1
Charge fitting: resp
Charge level: HF/6-31G(d)
Target charge: 0
Actual charge: -0.00000200
Charge MOL2: NCAA1_work/ncaa/HIF89/NCAA1_capped.mol2

Main products:
  refined prepin: NCAA1_work/HF1_maple.prepin
  refined frcmod: NCAA1_work/HF1_maple.frcmod
  tleap PDB:      NCAA1_work/NCAA1_ncaa_tleap.pdb
  tleap input:    NCAA1_work/NCAA1_ncaa_tleap.in

Stage timing:
  charge fitting                    9m 41s
  Hessian + mSeminario              1m 20s
  model preparation + reference        52s
  tleap validation                      7s
  AmberTools template build             0s
  final export                          0s

Next step:
  cd NCAA1_work
  tleap -s -f NCAA1_ncaa_tleap.in |tee NCAA1_ncaa_tleap.out

Tleap status:
  Errors: 0
  Warnings: 4
  Notes: 0

Warnings:
  none
======================================================================



Program started: 2026-09-30 05:11:28

======================================================================
                      TIMING SUMMARY
======================================================================
Input Reading.......................................   0.016 s  (   0.0 %)
  Settings Parsing....................................   0.015 s  (  92.0 %)
  Coordinate Section Parsing..........................   0.000 s  (   3.1 %)
  Post-Processing Expansion...........................   0.000 s  (   0.0 %)
MLP Initialization..................................   8.923 s  (   1.2 %)
Job Dispatching..................................... 721.925 s  (  98.8 %)
  Parmfit optimization................................ 721.923 s  ( 100.0 %)
    Parmfit NCAA........................................ 721.869 s  ( 100.0 %)
======================================================================
Total wall time: 730.863 s
Total CPU time: 144.841 s
======================================================================

Program ended: 2026-09-30 05:23:39
TOTAL RUN TIME: 0 days 0 hours 12 minutes 10 seconds 863 msec
